// Jest Snapshot v1, https://goo.gl/fbAQLP

exports[`<LanguageToggle /> { locale: "en" } renders 1`] = `
<div>
  <div
    class="css-hckpid"
  >
    <a
      class="css-lml9fj"
      href="/"
    >
      Lire en fran√ßais
    </a>
  </div>
</div>
`;

exports[`<LanguageToggle /> { locale: "fr" } renders 1`] = `
<div>
  <div
    class="css-hckpid"
  >
    <a
      class="css-lml9fj"
      href="/"
    >
      Read in English
    </a>
  </div>
</div>
`;
