// Jest Snapshot v1, https://goo.gl/fbAQLP

exports[`<Feature /> renders 1`] = `
<div>
  <div
    class="card"
  >
    <h2
      class="heading"
    >
      Feature heading
    </h2>
    <p>
      Hello, world!
    </p>
  </div>
</div>
`;
