// Jest Snapshot v1, https://goo.gl/fbAQLP

exports[`<Link /> renders 1`] = `
<div>
  <a
    href="/"
  >
    Hello, world!
  </a>
</div>
`;
